,jkmihq sdasdq